2026-04-19 13:30:38,991 | INFO | Sweep start: 8 configs [full]
2026-04-19 13:30:38,994 | INFO | [run ] e0_baseline_all  cfg=/workspace/psab/configs/yolo_ablation/e0_baseline_all.yaml
2026-04-19 13:32:31,407 | INFO | [done] e0_baseline_all  status=FAIL(rc=1)  elapsed=112.4s
2026-04-19 13:32:31,410 | INFO | [run ] e1_cbam_all  cfg=/workspace/psab/configs/yolo_ablation/e1_cbam_all.yaml
2026-04-19 13:32:33,186 | INFO | [done] e1_cbam_all  status=FAIL(rc=1)  elapsed=1.8s
2026-04-19 13:32:33,189 | INFO | [run ] e2_p2_all  cfg=/workspace/psab/configs/yolo_ablation/e2_p2_all.yaml
2026-04-19 13:32:34,907 | INFO | [done] e2_p2_all  status=FAIL(rc=1)  elapsed=1.7s
2026-04-19 13:32:34,910 | INFO | [run ] e3_siou_all  cfg=/workspace/psab/configs/yolo_ablation/e3_siou_all.yaml
2026-04-19 13:32:36,620 | INFO | [done] e3_siou_all  status=FAIL(rc=1)  elapsed=1.7s
2026-04-19 13:32:36,623 | INFO | [run ] e4_cbam_p2_all  cfg=/workspace/psab/configs/yolo_ablation/e4_cbam_p2_all.yaml
2026-04-19 13:32:38,238 | INFO | [done] e4_cbam_p2_all  status=FAIL(rc=1)  elapsed=1.6s
2026-04-19 13:32:38,241 | INFO | [run ] e5_full_all  cfg=/workspace/psab/configs/yolo_ablation/e5_full_all.yaml
2026-04-19 13:32:39,977 | INFO | [done] e5_full_all  status=FAIL(rc=1)  elapsed=1.7s
2026-04-19 13:32:39,980 | INFO | [run ] e0_baseline_beach  cfg=/workspace/psab/configs/yolo_ablation/e0_baseline_beach.yaml
2026-04-19 13:32:40,967 | INFO | [done] e0_baseline_beach  status=FAIL(rc=1)  elapsed=1.0s
2026-04-19 13:32:40,970 | INFO | [run ] e5_full_beach  cfg=/workspace/psab/configs/yolo_ablation/e5_full_beach.yaml
2026-04-19 13:32:41,939 | INFO | [done] e5_full_beach  status=FAIL(rc=1)  elapsed=1.0s
2026-04-19 13:32:41,939 | INFO | Sweep finished: [{'name': 'e0_baseline_all', 'status': 'FAIL(rc=1)', 'elapsed_sec': 112.41327381134033}, {'name': 'e1_cbam_all', 'status': 'FAIL(rc=1)', 'elapsed_sec': 1.775965690612793}, {'name': 'e2_p2_all', 'status': 'FAIL(rc=1)', 'elapsed_sec': 1.7181191444396973}, {'name': 'e3_siou_all', 'status': 'FAIL(rc=1)', 'elapsed_sec': 1.709665060043335}, {'name': 'e4_cbam_p2_all', 'status': 'FAIL(rc=1)', 'elapsed_sec': 1.615265130996704}, {'name': 'e5_full_all', 'status': 'FAIL(rc=1)', 'elapsed_sec': 1.7350847721099854}, {'name': 'e0_baseline_beach', 'status': 'FAIL(rc=1)', 'elapsed_sec': 0.9870681762695312}, {'name': 'e5_full_beach', 'status': 'FAIL(rc=1)', 'elapsed_sec': 0.9688289165496826}]
2026-04-19 13:35:46,180 | INFO | Sweep start: 8 configs [full]
2026-04-19 13:35:46,183 | INFO | [run ] e0_baseline_all  cfg=/workspace/psab/configs/yolo_ablation/e0_baseline_all.yaml
2026-04-19 13:42:28,777 | INFO | [done] e0_baseline_all  status=ok  elapsed=402.6s
2026-04-19 13:42:28,779 | INFO | [run ] e1_cbam_all  cfg=/workspace/psab/configs/yolo_ablation/e1_cbam_all.yaml
2026-04-19 13:48:23,226 | INFO | [done] e1_cbam_all  status=ok  elapsed=354.4s
2026-04-19 13:48:23,229 | INFO | [run ] e2_p2_all  cfg=/workspace/psab/configs/yolo_ablation/e2_p2_all.yaml
2026-04-19 13:54:57,496 | INFO | [done] e2_p2_all  status=ok  elapsed=394.3s
2026-04-19 13:54:57,499 | INFO | [run ] e3_siou_all  cfg=/workspace/psab/configs/yolo_ablation/e3_siou_all.yaml
2026-04-19 13:59:49,582 | INFO | [done] e3_siou_all  status=ok  elapsed=292.1s
2026-04-19 13:59:49,585 | INFO | [run ] e4_cbam_p2_all  cfg=/workspace/psab/configs/yolo_ablation/e4_cbam_p2_all.yaml
2026-04-19 14:05:45,796 | INFO | [done] e4_cbam_p2_all  status=ok  elapsed=356.2s
2026-04-19 14:05:45,799 | INFO | [run ] e5_full_all  cfg=/workspace/psab/configs/yolo_ablation/e5_full_all.yaml
2026-04-19 14:11:23,347 | INFO | [done] e5_full_all  status=ok  elapsed=337.5s
2026-04-19 14:11:23,351 | INFO | [run ] e0_baseline_beach  cfg=/workspace/psab/configs/yolo_ablation/e0_baseline_beach.yaml
2026-04-19 14:12:47,312 | INFO | [done] e0_baseline_beach  status=ok  elapsed=84.0s
2026-04-19 14:12:47,315 | INFO | [run ] e5_full_beach  cfg=/workspace/psab/configs/yolo_ablation/e5_full_beach.yaml
2026-04-19 14:14:13,029 | INFO | [done] e5_full_beach  status=ok  elapsed=85.7s
2026-04-19 14:14:13,029 | INFO | Sweep finished: [{'name': 'e0_baseline_all', 'status': 'ok', 'elapsed_sec': 402.59315514564514}, {'name': 'e1_cbam_all', 'status': 'ok', 'elapsed_sec': 354.4464466571808}, {'name': 'e2_p2_all', 'status': 'ok', 'elapsed_sec': 394.267094373703}, {'name': 'e3_siou_all', 'status': 'ok', 'elapsed_sec': 292.08309674263}, {'name': 'e4_cbam_p2_all', 'status': 'ok', 'elapsed_sec': 356.21037554740906}, {'name': 'e5_full_all', 'status': 'ok', 'elapsed_sec': 337.5475676059723}, {'name': 'e0_baseline_beach', 'status': 'ok', 'elapsed_sec': 83.96084666252136}, {'name': 'e5_full_beach', 'status': 'ok', 'elapsed_sec': 85.71393156051636}]
2026-04-19 14:43:36,409 | INFO | Sweep start: 8 configs [full]
2026-04-19 14:43:36,411 | INFO | [skip] e0_baseline_all (results.csv already present)
2026-04-19 14:43:36,413 | INFO | [skip] e1_cbam_all (results.csv already present)
2026-04-19 14:43:36,415 | INFO | [skip] e2_p2_all (results.csv already present)
2026-04-19 14:43:36,417 | INFO | [skip] e3_siou_all (results.csv already present)
2026-04-19 14:43:36,419 | INFO | [skip] e4_cbam_p2_all (results.csv already present)
2026-04-19 14:43:36,421 | INFO | [skip] e5_full_all (results.csv already present)
2026-04-19 14:43:36,423 | INFO | [skip] e0_baseline_beach (results.csv already present)
2026-04-19 14:43:36,424 | INFO | [skip] e5_full_beach (results.csv already present)
2026-04-19 14:43:36,424 | INFO | Sweep finished: [{'name': 'e0_baseline_all', 'status': 'skipped'}, {'name': 'e1_cbam_all', 'status': 'skipped'}, {'name': 'e2_p2_all', 'status': 'skipped'}, {'name': 'e3_siou_all', 'status': 'skipped'}, {'name': 'e4_cbam_p2_all', 'status': 'skipped'}, {'name': 'e5_full_all', 'status': 'skipped'}, {'name': 'e0_baseline_beach', 'status': 'skipped'}, {'name': 'e5_full_beach', 'status': 'skipped'}]
2026-04-19 14:44:10,446 | INFO | Sweep start: 8 configs [full]
2026-04-19 14:44:10,448 | INFO | [skip] e0_baseline_all (results.csv already present)
2026-04-19 14:44:10,450 | INFO | [run ] e1_cbam_all  cfg=/workspace/psab/configs/yolo_ablation/e1_cbam_all.yaml
2026-04-19 14:49:03,841 | INFO | [done] e1_cbam_all  status=ok  elapsed=293.4s
2026-04-19 14:49:03,845 | INFO | [run ] e2_p2_all  cfg=/workspace/psab/configs/yolo_ablation/e2_p2_all.yaml
2026-04-19 14:54:51,460 | INFO | [done] e2_p2_all  status=ok  elapsed=347.6s
2026-04-19 14:54:51,469 | INFO | [run ] e3_siou_all  cfg=/workspace/psab/configs/yolo_ablation/e3_siou_all.yaml
2026-04-19 15:00:37,637 | INFO | [done] e3_siou_all  status=ok  elapsed=346.2s
2026-04-19 15:00:37,641 | INFO | [run ] e4_cbam_p2_all  cfg=/workspace/psab/configs/yolo_ablation/e4_cbam_p2_all.yaml
2026-04-19 15:06:18,763 | INFO | [done] e4_cbam_p2_all  status=ok  elapsed=341.1s
2026-04-19 15:06:18,767 | INFO | [run ] e5_full_all  cfg=/workspace/psab/configs/yolo_ablation/e5_full_all.yaml
2026-04-19 15:12:55,949 | INFO | [done] e5_full_all  status=ok  elapsed=397.2s
2026-04-19 15:12:55,952 | INFO | [skip] e0_baseline_beach (results.csv already present)
2026-04-19 15:12:55,954 | INFO | [run ] e5_full_beach  cfg=/workspace/psab/configs/yolo_ablation/e5_full_beach.yaml
2026-04-19 15:14:23,166 | INFO | [done] e5_full_beach  status=ok  elapsed=87.2s
2026-04-19 15:14:23,166 | INFO | Sweep finished: [{'name': 'e0_baseline_all', 'status': 'skipped'}, {'name': 'e1_cbam_all', 'status': 'ok', 'elapsed_sec': 293.39037680625916}, {'name': 'e2_p2_all', 'status': 'ok', 'elapsed_sec': 347.6148271560669}, {'name': 'e3_siou_all', 'status': 'ok', 'elapsed_sec': 346.1680085659027}, {'name': 'e4_cbam_p2_all', 'status': 'ok', 'elapsed_sec': 341.12209391593933}, {'name': 'e5_full_all', 'status': 'ok', 'elapsed_sec': 397.181440114975}, {'name': 'e0_baseline_beach', 'status': 'skipped'}, {'name': 'e5_full_beach', 'status': 'ok', 'elapsed_sec': 87.21190452575684}]
