2026-04-19 13:30:43,628 | INFO | Preparing source download: PokemonAPI
2026-04-19 13:30:43,628 | INFO | Downloading PokeAPI sprites for 63 Pokemon
2026-04-19 13:30:53,930 | INFO | PokeAPI | Kakuna | saved 82 files
2026-04-19 13:30:53,994 | INFO | PokeAPI | Charizard | saved 83 files
2026-04-19 13:30:54,041 | INFO | PokeAPI | Squirtle | saved 83 files
2026-04-19 13:30:54,052 | INFO | PokeAPI | Charmander | saved 83 files
2026-04-19 13:30:54,069 | INFO | PokeAPI | Bulbasaur | saved 83 files
2026-04-19 13:30:54,301 | INFO | PokeAPI | Metapod | saved 82 files
2026-04-19 13:30:54,327 | INFO | PokeAPI | Charmeleon | saved 83 files
2026-04-19 13:30:58,641 | INFO | PokeAPI | Butterfree | saved 117 files
2026-04-19 13:31:04,860 | INFO | PokeAPI | Pidgey | saved 82 files
2026-04-19 13:31:05,089 | INFO | PokeAPI | Sandslash | saved 83 files
2026-04-19 13:31:05,441 | INFO | PokeAPI | Jigglypuff | saved 83 files
2026-04-19 13:31:05,714 | INFO | PokeAPI | Sandshrew | saved 83 files
2026-04-19 13:31:07,193 | INFO | PokeAPI | Pikachu | saved 119 files
2026-04-19 13:31:09,718 | INFO | PokeAPI | Diglett | saved 83 files
2026-04-19 13:31:15,242 | INFO | PokeAPI | Zubat | saved 117 files
2026-04-19 13:31:15,342 | INFO | PokeAPI | Vulpix | saved 83 files
2026-04-19 13:31:16,046 | INFO | PokeAPI | Dugtrio | saved 83 files
2026-04-19 13:31:16,242 | INFO | PokeAPI | Meowth | saved 83 files
2026-04-19 13:31:16,313 | INFO | PokeAPI | Psyduck | saved 83 files
2026-04-19 13:31:16,714 | INFO | PokeAPI | Growlithe | saved 83 files
2026-04-19 13:31:18,156 | INFO | PokeAPI | Poliwag | saved 83 files
2026-04-19 13:31:20,363 | INFO | PokeAPI | Abra | saved 82 files
2026-04-19 13:31:20,523 | WARNING | PokeAPI | Farfetch'd | failed with 400 Client Error: Bad Request for url: https://pokeapi.co/api/v2/pokemon/farfetch'd
2026-04-19 13:31:25,964 | INFO | PokeAPI | Machop | saved 82 files
2026-04-19 13:31:26,449 | INFO | PokeAPI | Bellsprout | saved 83 files
2026-04-19 13:31:27,273 | INFO | PokeAPI | Slowpoke | saved 83 files
2026-04-19 13:31:27,380 | INFO | PokeAPI | Weepinbell | saved 83 files
2026-04-19 13:31:27,480 | INFO | PokeAPI | Victreebel | saved 83 files
2026-04-19 13:31:27,553 | INFO | PokeAPI | Magnemite | saved 83 files
2026-04-19 13:31:29,818 | INFO | PokeAPI | Magneton | saved 83 files
2026-04-19 13:31:39,625 | INFO | PokeAPI | Doduo | saved 118 files
2026-04-19 13:31:40,024 | INFO | PokeAPI | Shellder | saved 83 files
2026-04-19 13:31:40,616 | INFO | PokeAPI | Grimer | saved 83 files
2026-04-19 13:31:40,944 | INFO | PokeAPI | Haunter | saved 83 files
2026-04-19 13:31:41,235 | INFO | PokeAPI | Muk | saved 83 files
2026-04-19 13:31:41,272 | INFO | PokeAPI | Exeggcute | saved 83 files
2026-04-19 13:31:41,911 | INFO | PokeAPI | Drowzee | saved 83 files
2026-04-19 13:31:43,367 | INFO | PokeAPI | Cubone | saved 82 files
2026-04-19 13:31:50,413 | INFO | PokeAPI | Electrode | saved 83 files
2026-04-19 13:31:50,810 | INFO | PokeAPI | Marowak | saved 82 files
2026-04-19 13:31:51,771 | INFO | PokeAPI | Kangaskhan | saved 82 files
2026-04-19 13:31:51,975 | INFO | PokeAPI | Horsea | saved 83 files
2026-04-19 13:31:53,136 | INFO | PokeAPI | Chansey | saved 83 files
2026-04-19 13:31:53,417 | INFO | PokeAPI | Koffing | saved 83 files
2026-04-19 13:31:55,136 | INFO | PokeAPI | Staryu | saved 82 files
2026-04-19 13:32:00,583 | INFO | PokeAPI | Goldeen | saved 117 files
2026-04-19 13:32:06,268 | INFO | PokeAPI | Ditto | saved 83 files
2026-04-19 13:32:07,190 | INFO | PokeAPI | Snorlax | saved 83 files
2026-04-19 13:32:08,022 | INFO | PokeAPI | Eevee | saved 93 files
2026-04-19 13:32:08,770 | INFO | PokeAPI | Magikarp | saved 118 files
2026-04-19 13:32:10,225 | INFO | PokeAPI | Lapras | saved 83 files
2026-04-19 13:32:11,143 | INFO | PokeAPI | Articuno | saved 83 files
2026-04-19 13:32:13,356 | INFO | PokeAPI | Scyther | saved 116 files
2026-04-19 13:32:13,861 | INFO | PokeAPI | Gyarados | saved 118 files
2026-04-19 13:32:17,148 | INFO | PokeAPI | Zapdos | saved 83 files
2026-04-19 13:32:18,595 | INFO | PokeAPI | Moltres | saved 83 files
2026-04-19 13:32:18,780 | INFO | PokeAPI | Dratini | saved 83 files
2026-04-19 13:32:19,555 | INFO | PokeAPI | Dragonite | saved 83 files
2026-04-19 13:32:20,190 | INFO | PokeAPI | Mew | saved 83 files
2026-04-19 13:32:21,772 | INFO | PokeAPI | Electabuzz | saved 83 files
2026-04-19 13:32:25,548 | INFO | PokeAPI | Magmar | saved 83 files
2026-04-19 13:32:29,890 | INFO | PokeAPI | Starmie | saved 82 files
2026-04-19 13:32:31,227 | INFO | PokeAPI | Porygon | saved 83 files
2026-04-19 13:32:31,228 | INFO | Preparing source download: Kaggle
2026-04-19 13:35:46,719 | INFO | Preparing source download: PokemonAPI
2026-04-19 13:35:46,719 | INFO | Downloading PokeAPI sprites for 63 Pokemon
2026-04-19 13:35:55,830 | INFO | PokeAPI | Kakuna | saved 82 files
2026-04-19 13:35:55,864 | INFO | PokeAPI | Charmander | saved 83 files
2026-04-19 13:35:55,968 | INFO | PokeAPI | Metapod | saved 82 files
2026-04-19 13:35:56,058 | INFO | PokeAPI | Squirtle | saved 83 files
2026-04-19 13:35:56,151 | INFO | PokeAPI | Bulbasaur | saved 83 files
2026-04-19 13:35:56,271 | INFO | PokeAPI | Charmeleon | saved 83 files
2026-04-19 13:35:56,729 | INFO | PokeAPI | Charizard | saved 83 files
2026-04-19 13:36:00,493 | INFO | PokeAPI | Butterfree | saved 117 files
2026-04-19 13:36:04,728 | INFO | PokeAPI | Vulpix | saved 83 files
2026-04-19 13:36:05,245 | INFO | PokeAPI | Pidgey | saved 82 files
2026-04-19 13:36:05,766 | INFO | PokeAPI | Jigglypuff | saved 83 files
2026-04-19 13:36:05,782 | INFO | PokeAPI | Sandshrew | saved 83 files
2026-04-19 13:36:05,888 | INFO | PokeAPI | Sandslash | saved 83 files
2026-04-19 13:36:09,116 | INFO | PokeAPI | Pikachu | saved 119 files
2026-04-19 13:36:09,222 | INFO | PokeAPI | Diglett | saved 83 files
2026-04-19 13:36:09,315 | INFO | PokeAPI | Zubat | saved 117 files
2026-04-19 13:36:11,468 | INFO | PokeAPI | Dugtrio | saved 83 files
2026-04-19 13:36:12,306 | INFO | PokeAPI | Meowth | saved 83 files
2026-04-19 13:36:12,362 | INFO | PokeAPI | Poliwag | saved 83 files
2026-04-19 13:36:12,549 | INFO | PokeAPI | Growlithe | saved 83 files
2026-04-19 13:36:12,796 | INFO | PokeAPI | Psyduck | saved 83 files
2026-04-19 13:36:15,789 | INFO | PokeAPI | Abra | saved 82 files
2026-04-19 13:36:15,951 | WARNING | PokeAPI | Farfetch'd | failed with 400 Client Error: Bad Request for url: https://pokeapi.co/api/v2/pokemon/farfetch'd
2026-04-19 13:36:16,004 | INFO | PokeAPI | Machop | saved 82 files
2026-04-19 13:36:16,104 | INFO | PokeAPI | Bellsprout | saved 83 files
2026-04-19 13:36:18,360 | INFO | PokeAPI | Weepinbell | saved 83 files
2026-04-19 13:36:19,071 | INFO | PokeAPI | Victreebel | saved 83 files
2026-04-19 13:36:19,180 | INFO | PokeAPI | Slowpoke | saved 83 files
2026-04-19 13:36:19,341 | INFO | PokeAPI | Magnemite | saved 83 files
2026-04-19 13:36:19,648 | INFO | PokeAPI | Magneton | saved 83 files
2026-04-19 13:36:22,807 | INFO | PokeAPI | Shellder | saved 83 files
2026-04-19 13:36:22,867 | INFO | PokeAPI | Grimer | saved 83 files
2026-04-19 13:36:25,067 | INFO | PokeAPI | Muk | saved 83 files
2026-04-19 13:36:25,784 | INFO | PokeAPI | Haunter | saved 83 files
2026-04-19 13:36:25,817 | INFO | PokeAPI | Doduo | saved 118 files
2026-04-19 13:36:25,978 | INFO | PokeAPI | Drowzee | saved 83 files
2026-04-19 13:36:26,003 | INFO | PokeAPI | Exeggcute | saved 83 files
2026-04-19 13:36:26,461 | INFO | PokeAPI | Cubone | saved 82 files
2026-04-19 13:36:29,637 | INFO | PokeAPI | Marowak | saved 82 files
2026-04-19 13:36:29,681 | INFO | PokeAPI | Electrode | saved 83 files
2026-04-19 13:36:31,899 | INFO | PokeAPI | Koffing | saved 83 files
2026-04-19 13:36:32,551 | INFO | PokeAPI | Chansey | saved 83 files
2026-04-19 13:36:32,676 | INFO | PokeAPI | Kangaskhan | saved 82 files
2026-04-19 13:36:32,726 | INFO | PokeAPI | Horsea | saved 83 files
2026-04-19 13:36:33,104 | INFO | PokeAPI | Staryu | saved 82 files
2026-04-19 13:36:35,765 | INFO | PokeAPI | Goldeen | saved 117 files
2026-04-19 13:36:39,346 | INFO | PokeAPI | Ditto | saved 83 files
2026-04-19 13:36:39,389 | INFO | PokeAPI | Scyther | saved 116 files
2026-04-19 13:36:39,445 | INFO | PokeAPI | Lapras | saved 83 files
2026-04-19 13:36:39,449 | INFO | PokeAPI | Magikarp | saved 118 files
2026-04-19 13:36:40,090 | INFO | PokeAPI | Snorlax | saved 83 files
2026-04-19 13:36:40,342 | INFO | PokeAPI | Eevee | saved 93 files
2026-04-19 13:36:41,849 | INFO | PokeAPI | Gyarados | saved 118 files
2026-04-19 13:36:42,870 | INFO | PokeAPI | Articuno | saved 83 files
2026-04-19 13:36:46,252 | INFO | PokeAPI | Zapdos | saved 83 files
2026-04-19 13:36:46,378 | INFO | PokeAPI | Dragonite | saved 83 files
2026-04-19 13:36:46,408 | INFO | PokeAPI | Dratini | saved 83 files
2026-04-19 13:36:46,529 | INFO | PokeAPI | Moltres | saved 83 files
2026-04-19 13:36:46,913 | INFO | PokeAPI | Mew | saved 83 files
2026-04-19 13:36:47,361 | INFO | PokeAPI | Electabuzz | saved 83 files
2026-04-19 13:36:48,670 | INFO | PokeAPI | Magmar | saved 83 files
2026-04-19 13:36:49,484 | INFO | PokeAPI | Porygon | saved 83 files
2026-04-19 13:36:55,313 | INFO | PokeAPI | Starmie | saved 82 files
2026-04-19 13:36:55,314 | INFO | Preparing source download: HuggingFace
2026-04-19 13:36:57,356 | INFO | HuggingFace | extracting test.zip
2026-04-19 13:36:57,504 | INFO | HuggingFace | extracting train.zip
2026-04-19 13:36:58,396 | INFO | HuggingFace | extracting valid-mini.zip
2026-04-19 13:36:58,411 | INFO | HuggingFace | extracting valid.zip
2026-04-19 13:36:59,431 | INFO | HuggingFace | matched 76 directories | copied 2936 images
2026-04-19 13:36:59,855 | WARNING | Skipping unreadable image: /workspace/psab/data/raw/PokemonAPI/Eevee/back_female.png
2026-04-19 13:36:59,856 | WARNING | Skipping unreadable image: /workspace/psab/data/raw/PokemonAPI/Eevee/back_shiny_female.png
2026-04-19 13:36:59,856 | WARNING | Skipping unreadable image: /workspace/psab/data/raw/PokemonAPI/Eevee/front_female.png
2026-04-19 13:36:59,857 | WARNING | Skipping unreadable image: /workspace/psab/data/raw/PokemonAPI/Eevee/front_shiny_female.png
2026-04-19 13:36:59,875 | WARNING | Skipping unreadable image: /workspace/psab/data/raw/PokemonAPI/Eevee/versions_generation-v_black-white_back_female.png
2026-04-19 13:36:59,875 | WARNING | Skipping unreadable image: /workspace/psab/data/raw/PokemonAPI/Eevee/versions_generation-v_black-white_back_shiny_female.png
2026-04-19 13:36:59,876 | WARNING | Skipping unreadable image: /workspace/psab/data/raw/PokemonAPI/Eevee/versions_generation-v_black-white_front_female.png
2026-04-19 13:36:59,876 | WARNING | Skipping unreadable image: /workspace/psab/data/raw/PokemonAPI/Eevee/versions_generation-v_black-white_front_shiny_female.png
2026-04-19 13:37:05,395 | INFO | Prepared dataset saved to /workspace/psab/data/processed/all_levels_all_sources_v1
2026-04-19 13:37:08,379 | INFO | YOLO export created at /workspace/psab/data/processed/all_levels_all_sources_v1/yolo
2026-04-19 13:37:10,230 | INFO | Starting YOLO training: e0_baseline_all (model=yolov8n.pt)
2026-04-19 13:42:27,289 | INFO | YOLO training launched successfully. Outputs under /workspace/psab/runs/yolo_ablation/e0_baseline_all
