2026-04-12 09:41:08,401 | INFO | Preparing source download: PokemonAPI
2026-04-12 09:41:08,401 | INFO | Downloading PokeAPI sprites for 63 Pokemon
2026-04-12 09:41:08,625 | INFO | PokeAPI | Butterfree | saved 0 files
2026-04-12 09:41:08,786 | INFO | PokeAPI | Pidgey | saved 0 files
2026-04-12 09:41:08,952 | INFO | PokeAPI | Pikachu | saved 0 files
2026-04-12 09:41:25,640 | INFO | PokeAPI | Charmeleon | saved 83 files
2026-04-12 09:41:25,667 | INFO | PokeAPI | Squirtle | saved 83 files
2026-04-12 09:41:25,767 | INFO | PokeAPI | Bulbasaur | saved 83 files
2026-04-12 09:41:25,819 | INFO | PokeAPI | Metapod | saved 82 files
2026-04-12 09:41:26,377 | INFO | PokeAPI | Charmander | saved 83 files
2026-04-12 09:41:26,574 | INFO | PokeAPI | Kakuna | saved 82 files
2026-04-12 09:41:26,716 | INFO | PokeAPI | Charizard | saved 83 files
2026-04-12 09:41:26,910 | INFO | PokeAPI | Meowth | saved 0 files
2026-04-12 09:41:31,340 | INFO | PokeAPI | Sandshrew | saved 83 files
2026-04-12 09:41:44,158 | INFO | PokeAPI | Vulpix | saved 83 files
2026-04-12 09:41:44,802 | INFO | PokeAPI | Sandslash | saved 83 files
2026-04-12 09:41:45,537 | INFO | PokeAPI | Jigglypuff | saved 83 files
2026-04-12 09:41:45,967 | INFO | PokeAPI | Psyduck | saved 83 files
2026-04-12 09:41:46,038 | INFO | PokeAPI | Dugtrio | saved 83 files
2026-04-12 09:41:56,362 | INFO | PokeAPI | Zubat | saved 117 files
2026-04-12 09:42:03,786 | INFO | PokeAPI | Diglett | saved 83 files
2026-04-12 09:42:05,777 | INFO | PokeAPI | Abra | saved 82 files
2026-04-12 09:42:06,528 | INFO | PokeAPI | Bellsprout | saved 83 files
2026-04-12 09:42:10,381 | INFO | PokeAPI | Machop | saved 82 files
2026-04-12 09:42:10,706 | WARNING | PokeAPI | Farfetch'd | failed with 400 Client Error: Bad Request for url: https://pokeapi.co/api/v2/pokemon/farfetch'd
2026-04-12 09:42:10,774 | INFO | PokeAPI | Growlithe | saved 83 files
2026-04-12 09:42:10,891 | INFO | PokeAPI | Doduo | saved 0 files
2026-04-12 09:42:14,426 | INFO | PokeAPI | Poliwag | saved 83 files
2026-04-12 09:42:14,774 | INFO | PokeAPI | Victreebel | saved 83 files
2026-04-12 09:42:21,815 | INFO | PokeAPI | Slowpoke | saved 83 files
2026-04-12 09:42:24,201 | INFO | PokeAPI | Weepinbell | saved 83 files
2026-04-12 09:42:25,105 | INFO | PokeAPI | Magneton | saved 83 files
2026-04-12 09:42:25,627 | INFO | PokeAPI | Magnemite | saved 83 files
2026-04-12 09:42:29,439 | INFO | PokeAPI | Grimer | saved 83 files
2026-04-12 09:42:29,960 | INFO | PokeAPI | Shellder | saved 83 files
2026-04-12 09:42:32,682 | INFO | PokeAPI | Haunter | saved 83 files
2026-04-12 09:42:32,857 | INFO | PokeAPI | Chansey | saved 0 files
2026-04-12 09:42:33,054 | INFO | PokeAPI | Kangaskhan | saved 0 files
2026-04-12 09:42:33,370 | INFO | PokeAPI | Muk | saved 83 files
2026-04-12 09:42:39,766 | INFO | PokeAPI | Drowzee | saved 83 files
2026-04-12 09:42:42,197 | INFO | PokeAPI | Cubone | saved 82 files
2026-04-12 09:42:42,320 | INFO | PokeAPI | Exeggcute | saved 83 files
2026-04-12 09:42:42,363 | INFO | PokeAPI | Scyther | saved 0 files
2026-04-12 09:42:42,475 | INFO | PokeAPI | Magikarp | saved 0 files
2026-04-12 09:42:42,640 | INFO | PokeAPI | Lapras | saved 0 files
2026-04-12 09:42:42,942 | INFO | PokeAPI | Marowak | saved 82 files
2026-04-12 09:42:43,133 | INFO | PokeAPI | Eevee | saved 0 files
2026-04-12 09:42:43,300 | INFO | PokeAPI | Snorlax | saved 0 files
2026-04-12 09:42:46,746 | INFO | PokeAPI | Electrode | saved 83 files
2026-04-12 09:42:47,604 | INFO | PokeAPI | Koffing | saved 83 files
2026-04-12 09:42:50,571 | INFO | PokeAPI | Horsea | saved 83 files
2026-04-12 09:42:57,348 | INFO | PokeAPI | Staryu | saved 82 files
2026-04-12 09:42:58,655 | INFO | PokeAPI | Goldeen | saved 117 files
2026-04-12 09:42:59,703 | INFO | PokeAPI | Ditto | saved 83 files
2026-04-12 09:43:01,283 | INFO | PokeAPI | Articuno | saved 83 files
2026-04-12 09:43:04,544 | INFO | PokeAPI | Zapdos | saved 83 files
2026-04-12 09:43:05,484 | INFO | PokeAPI | Moltres | saved 83 files
2026-04-12 09:43:08,264 | INFO | PokeAPI | Gyarados | saved 118 files
2026-04-12 09:43:08,636 | INFO | PokeAPI | Dratini | saved 83 files
2026-04-12 09:43:15,076 | INFO | PokeAPI | Dragonite | saved 83 files
2026-04-12 09:43:17,897 | INFO | PokeAPI | Electabuzz | saved 83 files
2026-04-12 09:43:19,297 | INFO | PokeAPI | Magmar | saved 83 files
2026-04-12 09:43:21,410 | INFO | PokeAPI | Mew | saved 83 files
2026-04-12 09:43:22,879 | INFO | PokeAPI | Porygon | saved 83 files
2026-04-12 09:43:23,301 | INFO | PokeAPI | Starmie | saved 82 files
2026-04-12 09:43:23,301 | INFO | Preparing source download: Kaggle
2026-04-12 09:43:25,690 | INFO | Kaggle | matched 252 directories | copied 2040 images
2026-04-12 09:43:25,691 | INFO | Preparing source download: HuggingFace
2026-04-12 09:43:26,682 | INFO | HuggingFace | matched 76 directories | copied 2370 images
2026-04-12 09:43:27,064 | WARNING | Skipping unreadable image: /workspace/pokemon-snap-benchmark/data/raw/PokemonAPI/Eevee/back_female.png
2026-04-12 09:43:27,064 | WARNING | Skipping unreadable image: /workspace/pokemon-snap-benchmark/data/raw/PokemonAPI/Eevee/back_shiny_female.png
2026-04-12 09:43:27,065 | WARNING | Skipping unreadable image: /workspace/pokemon-snap-benchmark/data/raw/PokemonAPI/Eevee/front_female.png
2026-04-12 09:43:27,066 | WARNING | Skipping unreadable image: /workspace/pokemon-snap-benchmark/data/raw/PokemonAPI/Eevee/front_shiny_female.png
2026-04-12 09:43:27,082 | WARNING | Skipping unreadable image: /workspace/pokemon-snap-benchmark/data/raw/PokemonAPI/Eevee/versions_generation-v_black-white_back_female.png
2026-04-12 09:43:27,082 | WARNING | Skipping unreadable image: /workspace/pokemon-snap-benchmark/data/raw/PokemonAPI/Eevee/versions_generation-v_black-white_back_shiny_female.png
2026-04-12 09:43:27,083 | WARNING | Skipping unreadable image: /workspace/pokemon-snap-benchmark/data/raw/PokemonAPI/Eevee/versions_generation-v_black-white_front_female.png
2026-04-12 09:43:27,083 | WARNING | Skipping unreadable image: /workspace/pokemon-snap-benchmark/data/raw/PokemonAPI/Eevee/versions_generation-v_black-white_front_shiny_female.png
2026-04-12 09:43:29,663 | INFO | Prepared dataset saved to /workspace/pokemon-snap-benchmark/data/processed/all_levels_all_sources_v1
2026-04-12 09:43:29,665 | INFO | Training experiment: cls_all_resnet18
2026-04-12 09:43:29,665 | INFO | Prepared dataset: /workspace/pokemon-snap-benchmark/data/processed/all_levels_all_sources_v1
2026-04-12 09:43:29,665 | INFO | Device resolved to: cuda
2026-04-12 09:43:36,069 | INFO | Epoch 1/10 | train_loss=2.6562 | val_loss=0.9704 | val_acc=0.8373 | val_macro_f1=0.8346 | 5.77s
2026-04-12 09:43:40,375 | INFO | Epoch 2/10 | train_loss=1.0903 | val_loss=0.3735 | val_acc=0.9538 | val_macro_f1=0.9535 | 4.07s
2026-04-12 09:43:44,667 | INFO | Epoch 3/10 | train_loss=0.6738 | val_loss=0.2064 | val_acc=0.9709 | val_macro_f1=0.9699 | 4.06s
2026-04-12 09:43:48,906 | INFO | Epoch 4/10 | train_loss=0.5110 | val_loss=0.1508 | val_acc=0.9839 | val_macro_f1=0.9834 | 4.00s
2026-04-12 09:43:53,335 | INFO | Epoch 5/10 | train_loss=0.4189 | val_loss=0.1066 | val_acc=0.9849 | val_macro_f1=0.9845 | 4.17s
2026-04-12 09:43:57,614 | INFO | Epoch 6/10 | train_loss=0.3508 | val_loss=0.0920 | val_acc=0.9839 | val_macro_f1=0.9837 | 4.16s
2026-04-12 09:44:02,018 | INFO | Epoch 7/10 | train_loss=0.3147 | val_loss=0.0931 | val_acc=0.9880 | val_macro_f1=0.9876 | 4.18s
2026-04-12 09:44:06,585 | INFO | Epoch 8/10 | train_loss=0.3007 | val_loss=0.0731 | val_acc=0.9890 | val_macro_f1=0.9886 | 4.34s
2026-04-12 09:44:10,971 | INFO | Epoch 9/10 | train_loss=0.2651 | val_loss=0.0785 | val_acc=0.9819 | val_macro_f1=0.9815 | 4.26s
2026-04-12 09:44:15,178 | INFO | Epoch 10/10 | train_loss=0.2564 | val_loss=0.0774 | val_acc=0.9809 | val_macro_f1=0.9804 | 4.07s
2026-04-12 09:44:17,942 | INFO | Training completed. Best checkpoint: /workspace/pokemon-snap-benchmark/runs/classification/cls_all_resnet18/best.pt
2026-04-12 09:44:17,943 | INFO | Test accuracy: 0.9890 | Test macro_f1: 0.9892
2026-04-12 10:00:29,939 | INFO | Using existing prepared dataset: /workspace/pokemon-snap-benchmark/data/processed/all_levels_all_sources_v1
2026-04-12 10:00:29,939 | INFO | Training experiment: cls_all_resnet18
2026-04-12 10:00:29,939 | INFO | Prepared dataset: /workspace/pokemon-snap-benchmark/data/processed/all_levels_all_sources_v1
2026-04-12 10:00:29,939 | INFO | Device resolved to: cuda
2026-04-12 10:00:36,312 | INFO | Epoch 1/10 | train_loss=2.5954 | val_loss=1.2344 | val_acc=0.7610 | val_macro_f1=0.7530 | 5.64s
2026-04-12 10:00:41,101 | INFO | Epoch 2/10 | train_loss=1.0134 | val_loss=0.4550 | val_acc=0.9428 | val_macro_f1=0.9409 | 4.56s
2026-04-12 10:00:45,225 | INFO | Epoch 3/10 | train_loss=0.6378 | val_loss=0.2442 | val_acc=0.9649 | val_macro_f1=0.9634 | 3.90s
2026-04-12 10:00:49,743 | INFO | Epoch 4/10 | train_loss=0.4730 | val_loss=0.1729 | val_acc=0.9719 | val_macro_f1=0.9702 | 4.28s
2026-04-12 10:00:54,076 | INFO | Epoch 5/10 | train_loss=0.3938 | val_loss=0.1517 | val_acc=0.9779 | val_macro_f1=0.9770 | 4.10s
2026-04-12 10:00:58,836 | INFO | Epoch 6/10 | train_loss=0.3284 | val_loss=0.1115 | val_acc=0.9869 | val_macro_f1=0.9860 | 4.51s
2026-04-12 10:01:03,318 | INFO | Epoch 7/10 | train_loss=0.3061 | val_loss=0.1084 | val_acc=0.9859 | val_macro_f1=0.9860 | 4.36s
2026-04-12 10:01:07,611 | INFO | Epoch 8/10 | train_loss=0.2794 | val_loss=0.0901 | val_acc=0.9839 | val_macro_f1=0.9827 | 4.17s
2026-04-12 10:01:12,341 | INFO | Epoch 9/10 | train_loss=0.2657 | val_loss=0.0870 | val_acc=0.9819 | val_macro_f1=0.9817 | 4.60s
2026-04-12 10:01:16,508 | INFO | Epoch 10/10 | train_loss=0.2644 | val_loss=0.0726 | val_acc=0.9880 | val_macro_f1=0.9878 | 3.94s
2026-04-12 10:01:19,317 | INFO | Training completed. Best checkpoint: /workspace/pokemon-snap-benchmark/runs/classification/cls_all_resnet18/best.pt
2026-04-12 10:01:19,317 | INFO | Test accuracy: 0.9759 | Test macro_f1: 0.9755
